  Determining projects to restore...
  All projects are up-to-date for restore.
C:\Development\SlurpJob\SlurpJob\Services\IngestionService.cs(152,68): error CS0246: The type or namespace name 'IDbContextFactory<>' could not be found (are you missing a using directive or an assembly reference?) [C:\Development\SlurpJob\SlurpJob\SlurpJob.csproj]
C:\Development\SlurpJob\SlurpJob\Services\IngestionService.cs(115,31): warning CS8602: Dereference of a possibly null reference. [C:\Development\SlurpJob\SlurpJob\SlurpJob.csproj]

Build FAILED.

C:\Development\SlurpJob\SlurpJob\Services\IngestionService.cs(115,31): warning CS8602: Dereference of a possibly null reference. [C:\Development\SlurpJob\SlurpJob\SlurpJob.csproj]
C:\Development\SlurpJob\SlurpJob\Services\IngestionService.cs(152,68): error CS0246: The type or namespace name 'IDbContextFactory<>' could not be found (are you missing a using directive or an assembly reference?) [C:\Development\SlurpJob\SlurpJob\SlurpJob.csproj]
    1 Warning(s)
    1 Error(s)

Time Elapsed 00:00:01.64
